<html>
<head>

</head>
<body>
    <p style="height: 6px;" width="200">none</p>
    <table>
        <tr>
            <td width="200">
                wide
            </td>
        </tr>
    </table>
    <img src="" alt="wide" width="200">
</body>
</html>
